// Jest Snapshot v1, https://goo.gl/fbAQLP

exports[`Move test creates a move given a valid chess move 1`] = `
Object {
  "__v": 0,
  "_id": Any<Object>,
  "from": "e2",
  "game": Any<Object>,
  "result": "Play-On",
  "to": "e4",
}
`;
